// Jest Snapshot v1, https://goo.gl/fbAQLP

exports[`DefaultPipelineStack should match snapshot test 1`] = `
{
  "Outputs": {
    "AWSACCESSKEY": {
      "Value": {
        "Ref": "MyTestStackgithubciaccesskeyEECD3CDA",
      },
    },
    "AWSBUCKET": {
      "Value": {
        "Ref": "MyTestStackrushdeploybucketB2562C9E",
      },
    },
    "AWSREGION": {
      "Value": {
        "Ref": "AWS::Region",
      },
    },
    "AWSSECRETACCESSKEY": {
      "Value": {
        "Fn::GetAtt": [
          "MyTestStackgithubciaccesskeyEECD3CDA",
          "SecretAccessKey",
        ],
      },
    },
  },
  "Parameters": {
    "BootstrapVersion": {
      "Default": "/cdk-bootstrap/hnb659fds/version",
      "Description": "Version of the CDK Bootstrap resources in this environment, automatically retrieved from SSM Parameter Store. [cdk:skip]",
      "Type": "AWS::SSM::Parameter::Value<String>",
    },
  },
  "Resources": {
    "CustomS3AutoDeleteObjectsCustomResourceProviderHandler9D90184F": {
      "DependsOn": [
        "CustomS3AutoDeleteObjectsCustomResourceProviderRole3B1BD092",
      ],
      "Properties": {
        "Code": {
          "S3Bucket": {
            "Fn::Sub": "cdk-hnb659fds-assets-\${AWS::AccountId}-\${AWS::Region}",
          },
          "S3Key": "a657308e723bb9460b800cb3b47dadb74e28243edfe246bf7755c45ec312eb97.zip",
        },
        "Description": {
          "Fn::Join": [
            "",
            [
              "Lambda function for auto-deleting objects in ",
              {
                "Ref": "MyTestStackrushdeploybucketB2562C9E",
              },
              " S3 bucket.",
            ],
          ],
        },
        "Handler": "index.handler",
        "MemorySize": 128,
        "Role": {
          "Fn::GetAtt": [
            "CustomS3AutoDeleteObjectsCustomResourceProviderRole3B1BD092",
            "Arn",
          ],
        },
        "Runtime": "nodejs18.x",
        "Timeout": 900,
      },
      "Type": "AWS::Lambda::Function",
    },
    "CustomS3AutoDeleteObjectsCustomResourceProviderRole3B1BD092": {
      "Properties": {
        "AssumeRolePolicyDocument": {
          "Statement": [
            {
              "Action": "sts:AssumeRole",
              "Effect": "Allow",
              "Principal": {
                "Service": "lambda.amazonaws.com",
              },
            },
          ],
          "Version": "2012-10-17",
        },
        "ManagedPolicyArns": [
          {
            "Fn::Sub": "arn:\${AWS::Partition}:iam::aws:policy/service-role/AWSLambdaBasicExecutionRole",
          },
        ],
      },
      "Type": "AWS::IAM::Role",
    },
    "MyPipelineRole31BF411E": {
      "Properties": {
        "AssumeRolePolicyDocument": {
          "Statement": [
            {
              "Action": "sts:AssumeRole",
              "Effect": "Allow",
              "Principal": {
                "Service": "codepipeline.amazonaws.com",
              },
            },
          ],
          "Version": "2012-10-17",
        },
      },
      "Type": "AWS::IAM::Role",
    },
    "MyPipelineRoleDefaultPolicy3E2CB832": {
      "Properties": {
        "PolicyDocument": {
          "Statement": [
            {
              "Action": "sts:AssumeRole",
              "Condition": {
                "StringEquals": {
                  "iam:ResourceTag/aws-cdk:bootstrap-role": "lookup",
                },
              },
              "Effect": "Allow",
              "Resource": "*",
            },
            {
              "Action": [
                "sts:AssumeRole",
                "s3:Get*",
                "s3:List*",
                "s3:PutObject",
                "cloudformation:*",
                "iam:PassRole",
              ],
              "Effect": "Allow",
              "Resource": [
                {
                  "Fn::GetAtt": [
                    "MyTestStackrushdeploybucketB2562C9E",
                    "Arn",
                  ],
                },
                {
                  "Fn::Join": [
                    "",
                    [
                      {
                        "Fn::GetAtt": [
                          "MyTestStackrushdeploybucketB2562C9E",
                          "Arn",
                        ],
                      },
                      "/*",
                    ],
                  ],
                },
                "arn:aws:cloudformation:us-east-2:760440398296:stack/*",
                "arn:aws:iam::760440398296:role/cdk-hnb659fds-deploy-role-760440398296-us-east-2",
              ],
            },
            {
              "Action": "codebuild:StartBuild",
              "Effect": "Allow",
              "Resource": {
                "Fn::GetAtt": [
                  "MyProject39F7B0AE",
                  "Arn",
                ],
              },
            },
          ],
          "Version": "2012-10-17",
        },
        "PolicyName": "MyPipelineRoleDefaultPolicy3E2CB832",
        "Roles": [
          {
            "Ref": "MyPipelineRole31BF411E",
          },
        ],
      },
      "Type": "AWS::IAM::Policy",
    },
    "MyProject39F7B0AE": {
      "Properties": {
        "Artifacts": {
          "Type": "NO_ARTIFACTS",
        },
        "Cache": {
          "Type": "NO_CACHE",
        },
        "EncryptionKey": {
          "Fn::GetAtt": [
            "PipelineArtifactsBucketEncryptionKey01D58D69",
            "Arn",
          ],
        },
        "Environment": {
          "ComputeType": "BUILD_GENERAL1_SMALL",
          "Image": "aws/codebuild/standard:6.0",
          "ImagePullCredentialsType": "CODEBUILD",
          "PrivilegedMode": false,
          "Type": "LINUX_CONTAINER",
        },
        "ServiceRole": {
          "Fn::GetAtt": [
            "MyProjectRole9BBE5233",
            "Arn",
          ],
        },
        "Source": {
          "BuildSpec": "{
  "version": "0.2",
  "phases": {
    "install": {
      "commands": [
        "npm install --global ts-node",
        "npm install --global aws-cdk@2.63.1",
        "npm install --global npm@9.2.0",
        "npm install --global typescript"
      ]
    },
    "build": {
      "commands": [
        "ls $CODEBUILD_SRC_DIR",
        "npm install",
        "npm run cdk:deploy --require-approval=never"
      ]
    }
  },
  "environmentVariables": {
    "account": "298217020330",
    "region": "us-east-2"
  },
  "artifacts": {
    "files": [
      "**/*"
    ]
  }
}",
          "Type": "NO_SOURCE",
        },
      },
      "Type": "AWS::CodeBuild::Project",
    },
    "MyProjectRole9BBE5233": {
      "Properties": {
        "AssumeRolePolicyDocument": {
          "Statement": [
            {
              "Action": "sts:AssumeRole",
              "Effect": "Allow",
              "Principal": {
                "Service": "codebuild.amazonaws.com",
              },
            },
          ],
          "Version": "2012-10-17",
        },
      },
      "Type": "AWS::IAM::Role",
    },
    "MyProjectRoleDefaultPolicyB19B7C29": {
      "Properties": {
        "PolicyDocument": {
          "Statement": [
            {
              "Action": [
                "logs:CreateLogGroup",
                "logs:CreateLogStream",
                "logs:PutLogEvents",
              ],
              "Effect": "Allow",
              "Resource": [
                {
                  "Fn::Join": [
                    "",
                    [
                      "arn:",
                      {
                        "Ref": "AWS::Partition",
                      },
                      ":logs:",
                      {
                        "Ref": "AWS::Region",
                      },
                      ":",
                      {
                        "Ref": "AWS::AccountId",
                      },
                      ":log-group:/aws/codebuild/",
                      {
                        "Ref": "MyProject39F7B0AE",
                      },
                    ],
                  ],
                },
                {
                  "Fn::Join": [
                    "",
                    [
                      "arn:",
                      {
                        "Ref": "AWS::Partition",
                      },
                      ":logs:",
                      {
                        "Ref": "AWS::Region",
                      },
                      ":",
                      {
                        "Ref": "AWS::AccountId",
                      },
                      ":log-group:/aws/codebuild/",
                      {
                        "Ref": "MyProject39F7B0AE",
                      },
                      ":*",
                    ],
                  ],
                },
              ],
            },
            {
              "Action": [
                "codebuild:CreateReportGroup",
                "codebuild:CreateReport",
                "codebuild:UpdateReport",
                "codebuild:BatchPutTestCases",
                "codebuild:BatchPutCodeCoverages",
              ],
              "Effect": "Allow",
              "Resource": {
                "Fn::Join": [
                  "",
                  [
                    "arn:",
                    {
                      "Ref": "AWS::Partition",
                    },
                    ":codebuild:",
                    {
                      "Ref": "AWS::Region",
                    },
                    ":",
                    {
                      "Ref": "AWS::AccountId",
                    },
                    ":report-group/",
                    {
                      "Ref": "MyProject39F7B0AE",
                    },
                    "-*",
                  ],
                ],
              },
            },
            {
              "Action": [
                "s3:GetObject*",
                "s3:GetBucket*",
                "s3:List*",
                "s3:DeleteObject*",
                "s3:PutObject",
                "s3:PutObjectLegalHold",
                "s3:PutObjectRetention",
                "s3:PutObjectTagging",
                "s3:PutObjectVersionTagging",
                "s3:Abort*",
              ],
              "Effect": "Allow",
              "Resource": [
                {
                  "Fn::GetAtt": [
                    "PipelineArtifactsBucket22248F97",
                    "Arn",
                  ],
                },
                {
                  "Fn::Join": [
                    "",
                    [
                      {
                        "Fn::GetAtt": [
                          "PipelineArtifactsBucket22248F97",
                          "Arn",
                        ],
                      },
                      "/*",
                    ],
                  ],
                },
              ],
            },
            {
              "Action": [
                "kms:Decrypt",
                "kms:DescribeKey",
                "kms:Encrypt",
                "kms:ReEncrypt*",
                "kms:GenerateDataKey*",
              ],
              "Effect": "Allow",
              "Resource": {
                "Fn::GetAtt": [
                  "PipelineArtifactsBucketEncryptionKey01D58D69",
                  "Arn",
                ],
              },
            },
            {
              "Action": [
                "kms:Decrypt",
                "kms:Encrypt",
                "kms:ReEncrypt*",
                "kms:GenerateDataKey*",
              ],
              "Effect": "Allow",
              "Resource": {
                "Fn::GetAtt": [
                  "PipelineArtifactsBucketEncryptionKey01D58D69",
                  "Arn",
                ],
              },
            },
          ],
          "Version": "2012-10-17",
        },
        "PolicyName": "MyProjectRoleDefaultPolicyB19B7C29",
        "Roles": [
          {
            "Ref": "MyProjectRole9BBE5233",
          },
        ],
      },
      "Type": "AWS::IAM::Policy",
    },
    "MyTestStackgithubciaccesskeyEECD3CDA": {
      "Properties": {
        "UserName": {
          "Ref": "MyTestStackgithubciuser490A6F6B",
        },
      },
      "Type": "AWS::IAM::AccessKey",
    },
    "MyTestStackgithubciawsbucketE58093FF": {
      "Properties": {
        "Description": "GithubCI secret.AWS_BUCKET",
        "Name": "github-ci-aws-bucket",
        "Type": "String",
        "Value": {
          "Ref": "MyTestStackrushdeploybucketB2562C9E",
        },
      },
      "Type": "AWS::SSM::Parameter",
    },
    "MyTestStackgithubciawskeyid34CB9080": {
      "Properties": {
        "Description": "GithubCI secret.AWS_KEY_ID",
        "Name": "github-ci-aws-key-id",
        "Type": "String",
        "Value": {
          "Ref": "MyTestStackgithubciaccesskeyEECD3CDA",
        },
      },
      "Type": "AWS::SSM::Parameter",
    },
    "MyTestStackgithubciawsregion899ACF8B": {
      "Properties": {
        "Description": "GithubCI secret.AWS_REGION",
        "Name": "github-ci-aws-region",
        "Type": "String",
        "Value": {
          "Ref": "AWS::Region",
        },
      },
      "Type": "AWS::SSM::Parameter",
    },
    "MyTestStackgithubciawssecretaccesskey8C90D9E4": {
      "Properties": {
        "Description": "GithubCI secret.AWS_SECRET_ACCESS_KEY",
        "Name": "github-ci-aws-secret-access-key",
        "Type": "String",
        "Value": {
          "Fn::GetAtt": [
            "MyTestStackgithubciaccesskeyEECD3CDA",
            "SecretAccessKey",
          ],
        },
      },
      "Type": "AWS::SSM::Parameter",
    },
    "MyTestStackgithubcigroup214FA5BD": {
      "Properties": {
        "GroupName": "GithubCIGroup",
      },
      "Type": "AWS::IAM::Group",
    },
    "MyTestStackgithubcigroupDefaultPolicy8B952E1A": {
      "Properties": {
        "Groups": [
          {
            "Ref": "MyTestStackgithubcigroup214FA5BD",
          },
        ],
        "PolicyDocument": {
          "Statement": [
            {
              "Action": [
                "s3:PutObject",
                "s3:PutObjectLegalHold",
                "s3:PutObjectRetention",
                "s3:PutObjectTagging",
                "s3:PutObjectVersionTagging",
                "s3:Abort*",
              ],
              "Effect": "Allow",
              "Resource": {
                "Fn::Join": [
                  "",
                  [
                    {
                      "Fn::GetAtt": [
                        "MyTestStackrushdeploybucketB2562C9E",
                        "Arn",
                      ],
                    },
                    "/*",
                  ],
                ],
              },
            },
            {
              "Action": [
                "s3:PutObjectAcl",
                "s3:PutObjectVersionAcl",
              ],
              "Effect": "Allow",
              "Resource": {
                "Fn::Join": [
                  "",
                  [
                    {
                      "Fn::GetAtt": [
                        "MyTestStackrushdeploybucketB2562C9E",
                        "Arn",
                      ],
                    },
                    "/*",
                  ],
                ],
              },
            },
          ],
          "Version": "2012-10-17",
        },
        "PolicyName": "MyTestStackgithubcigroupDefaultPolicy8B952E1A",
      },
      "Type": "AWS::IAM::Policy",
    },
    "MyTestStackgithubciuser490A6F6B": {
      "Properties": {
        "Groups": [
          {
            "Ref": "MyTestStackgithubcigroup214FA5BD",
          },
        ],
        "UserName": "GithubCI",
      },
      "Type": "AWS::IAM::User",
    },
    "MyTestStackgithubciuserDefaultPolicy56993494": {
      "Properties": {
        "PolicyDocument": {
          "Statement": [
            {
              "Action": [
                "s3:GetObject*",
                "s3:GetBucket*",
                "s3:List*",
                "s3:DeleteObject*",
                "s3:PutObject",
                "s3:PutObjectLegalHold",
                "s3:PutObjectRetention",
                "s3:PutObjectTagging",
                "s3:PutObjectVersionTagging",
                "s3:Abort*",
              ],
              "Effect": "Allow",
              "Resource": [
                {
                  "Fn::GetAtt": [
                    "MyTestStackrushdeploybucketB2562C9E",
                    "Arn",
                  ],
                },
                {
                  "Fn::Join": [
                    "",
                    [
                      {
                        "Fn::GetAtt": [
                          "MyTestStackrushdeploybucketB2562C9E",
                          "Arn",
                        ],
                      },
                      "/*",
                    ],
                  ],
                },
              ],
            },
          ],
          "Version": "2012-10-17",
        },
        "PolicyName": "MyTestStackgithubciuserDefaultPolicy56993494",
        "Users": [
          {
            "Ref": "MyTestStackgithubciuser490A6F6B",
          },
        ],
      },
      "Type": "AWS::IAM::Policy",
    },
    "MyTestStackrushdeploybucketAutoDeleteObjectsCustomResourceAEFFBD0E": {
      "DeletionPolicy": "Delete",
      "DependsOn": [
        "MyTestStackrushdeploybucketPolicy68719C10",
      ],
      "Properties": {
        "BucketName": {
          "Ref": "MyTestStackrushdeploybucketB2562C9E",
        },
        "ServiceToken": {
          "Fn::GetAtt": [
            "CustomS3AutoDeleteObjectsCustomResourceProviderHandler9D90184F",
            "Arn",
          ],
        },
      },
      "Type": "Custom::S3AutoDeleteObjects",
      "UpdateReplacePolicy": "Delete",
    },
    "MyTestStackrushdeploybucketB2562C9E": {
      "DeletionPolicy": "Delete",
      "Properties": {
        "BucketEncryption": {
          "ServerSideEncryptionConfiguration": [
            {
              "ServerSideEncryptionByDefault": {
                "SSEAlgorithm": "AES256",
              },
            },
          ],
        },
        "BucketName": {
          "Fn::Join": [
            "",
            [
              {
                "Ref": "AWS::AccountId",
              },
              "-rush-deploy-bucket",
            ],
          ],
        },
        "Tags": [
          {
            "Key": "aws-cdk:auto-delete-objects",
            "Value": "true",
          },
        ],
        "VersioningConfiguration": {
          "Status": "Enabled",
        },
      },
      "Type": "AWS::S3::Bucket",
      "UpdateReplacePolicy": "Delete",
    },
    "MyTestStackrushdeploybucketPolicy68719C10": {
      "Properties": {
        "Bucket": {
          "Ref": "MyTestStackrushdeploybucketB2562C9E",
        },
        "PolicyDocument": {
          "Statement": [
            {
              "Action": "s3:*",
              "Condition": {
                "Bool": {
                  "aws:SecureTransport": "false",
                },
              },
              "Effect": "Deny",
              "Principal": {
                "AWS": "*",
              },
              "Resource": [
                {
                  "Fn::GetAtt": [
                    "MyTestStackrushdeploybucketB2562C9E",
                    "Arn",
                  ],
                },
                {
                  "Fn::Join": [
                    "",
                    [
                      {
                        "Fn::GetAtt": [
                          "MyTestStackrushdeploybucketB2562C9E",
                          "Arn",
                        ],
                      },
                      "/*",
                    ],
                  ],
                },
              ],
            },
            {
              "Action": [
                "s3:GetBucket*",
                "s3:List*",
                "s3:DeleteObject*",
              ],
              "Effect": "Allow",
              "Principal": {
                "AWS": {
                  "Fn::GetAtt": [
                    "CustomS3AutoDeleteObjectsCustomResourceProviderRole3B1BD092",
                    "Arn",
                  ],
                },
              },
              "Resource": [
                {
                  "Fn::GetAtt": [
                    "MyTestStackrushdeploybucketB2562C9E",
                    "Arn",
                  ],
                },
                {
                  "Fn::Join": [
                    "",
                    [
                      {
                        "Fn::GetAtt": [
                          "MyTestStackrushdeploybucketB2562C9E",
                          "Arn",
                        ],
                      },
                      "/*",
                    ],
                  ],
                },
              ],
            },
          ],
          "Version": "2012-10-17",
        },
      },
      "Type": "AWS::S3::BucketPolicy",
    },
    "PipelineArtifactsBucket22248F97": {
      "DeletionPolicy": "Retain",
      "Properties": {
        "BucketEncryption": {
          "ServerSideEncryptionConfiguration": [
            {
              "ServerSideEncryptionByDefault": {
                "KMSMasterKeyID": {
                  "Fn::GetAtt": [
                    "PipelineArtifactsBucketEncryptionKey01D58D69",
                    "Arn",
                  ],
                },
                "SSEAlgorithm": "aws:kms",
              },
            },
          ],
        },
        "PublicAccessBlockConfiguration": {
          "BlockPublicAcls": true,
          "BlockPublicPolicy": true,
          "IgnorePublicAcls": true,
          "RestrictPublicBuckets": true,
        },
      },
      "Type": "AWS::S3::Bucket",
      "UpdateReplacePolicy": "Retain",
    },
    "PipelineArtifactsBucketEncryptionKey01D58D69": {
      "DeletionPolicy": "Delete",
      "Properties": {
        "KeyPolicy": {
          "Statement": [
            {
              "Action": "kms:*",
              "Effect": "Allow",
              "Principal": {
                "AWS": {
                  "Fn::Join": [
                    "",
                    [
                      "arn:",
                      {
                        "Ref": "AWS::Partition",
                      },
                      ":iam::",
                      {
                        "Ref": "AWS::AccountId",
                      },
                      ":root",
                    ],
                  ],
                },
              },
              "Resource": "*",
            },
          ],
          "Version": "2012-10-17",
        },
      },
      "Type": "AWS::KMS::Key",
      "UpdateReplacePolicy": "Delete",
    },
    "PipelineArtifactsBucketEncryptionKeyAlias5C510EEE": {
      "DeletionPolicy": "Delete",
      "Properties": {
        "AliasName": "alias/codepipeline-myteststackpipelined5a8ce23",
        "TargetKeyId": {
          "Fn::GetAtt": [
            "PipelineArtifactsBucketEncryptionKey01D58D69",
            "Arn",
          ],
        },
      },
      "Type": "AWS::KMS::Alias",
      "UpdateReplacePolicy": "Delete",
    },
    "PipelineArtifactsBucketPolicyD4F9712A": {
      "Properties": {
        "Bucket": {
          "Ref": "PipelineArtifactsBucket22248F97",
        },
        "PolicyDocument": {
          "Statement": [
            {
              "Action": "s3:*",
              "Condition": {
                "Bool": {
                  "aws:SecureTransport": "false",
                },
              },
              "Effect": "Deny",
              "Principal": {
                "AWS": "*",
              },
              "Resource": [
                {
                  "Fn::GetAtt": [
                    "PipelineArtifactsBucket22248F97",
                    "Arn",
                  ],
                },
                {
                  "Fn::Join": [
                    "",
                    [
                      {
                        "Fn::GetAtt": [
                          "PipelineArtifactsBucket22248F97",
                          "Arn",
                        ],
                      },
                      "/*",
                    ],
                  ],
                },
              ],
            },
          ],
          "Version": "2012-10-17",
        },
      },
      "Type": "AWS::S3::BucketPolicy",
    },
    "PipelineBuildBuildActionCodePipelineActionRoleBF1F5618": {
      "Properties": {
        "AssumeRolePolicyDocument": {
          "Statement": [
            {
              "Action": "sts:AssumeRole",
              "Effect": "Allow",
              "Principal": {
                "AWS": {
                  "Fn::Join": [
                    "",
                    [
                      "arn:",
                      {
                        "Ref": "AWS::Partition",
                      },
                      ":iam::",
                      {
                        "Ref": "AWS::AccountId",
                      },
                      ":root",
                    ],
                  ],
                },
              },
            },
          ],
          "Version": "2012-10-17",
        },
      },
      "Type": "AWS::IAM::Role",
    },
    "PipelineBuildBuildActionCodePipelineActionRoleDefaultPolicy27F22ECB": {
      "Properties": {
        "PolicyDocument": {
          "Statement": [
            {
              "Action": [
                "codebuild:BatchGetBuilds",
                "codebuild:StartBuild",
                "codebuild:StopBuild",
              ],
              "Effect": "Allow",
              "Resource": {
                "Fn::GetAtt": [
                  "MyProject39F7B0AE",
                  "Arn",
                ],
              },
            },
          ],
          "Version": "2012-10-17",
        },
        "PolicyName": "PipelineBuildBuildActionCodePipelineActionRoleDefaultPolicy27F22ECB",
        "Roles": [
          {
            "Ref": "PipelineBuildBuildActionCodePipelineActionRoleBF1F5618",
          },
        ],
      },
      "Type": "AWS::IAM::Policy",
    },
    "PipelineC660917D": {
      "DependsOn": [
        "PipelineRoleDefaultPolicyC7A05455",
        "PipelineRoleD68726F7",
      ],
      "Properties": {
        "ArtifactStore": {
          "EncryptionKey": {
            "Id": {
              "Fn::GetAtt": [
                "PipelineArtifactsBucketEncryptionKey01D58D69",
                "Arn",
              ],
            },
            "Type": "KMS",
          },
          "Location": {
            "Ref": "PipelineArtifactsBucket22248F97",
          },
          "Type": "S3",
        },
        "Name": "luck-by-dice",
        "RoleArn": {
          "Fn::GetAtt": [
            "PipelineRoleD68726F7",
            "Arn",
          ],
        },
        "Stages": [
          {
            "Actions": [
              {
                "ActionTypeId": {
                  "Category": "Source",
                  "Owner": "AWS",
                  "Provider": "S3",
                  "Version": "1",
                },
                "Configuration": {
                  "S3Bucket": {
                    "Ref": "MyTestStackrushdeploybucketB2562C9E",
                  },
                  "S3ObjectKey": "luck-by-dice.zip",
                },
                "Name": "Source",
                "OutputArtifacts": [
                  {
                    "Name": "Artifact_Source_Source",
                  },
                ],
                "RoleArn": {
                  "Fn::GetAtt": [
                    "PipelineSourceCodePipelineActionRoleC6F9E7F5",
                    "Arn",
                  ],
                },
                "RunOrder": 1,
              },
            ],
            "Name": "Source",
          },
          {
            "Actions": [
              {
                "ActionTypeId": {
                  "Category": "Build",
                  "Owner": "AWS",
                  "Provider": "CodeBuild",
                  "Version": "1",
                },
                "Configuration": {
                  "ProjectName": {
                    "Ref": "MyProject39F7B0AE",
                  },
                },
                "InputArtifacts": [
                  {
                    "Name": "Artifact_Source_Source",
                  },
                ],
                "Name": "BuildAction",
                "OutputArtifacts": [
                  {
                    "Name": "Artifact_Build_BuildAction",
                  },
                ],
                "RoleArn": {
                  "Fn::GetAtt": [
                    "PipelineBuildBuildActionCodePipelineActionRoleBF1F5618",
                    "Arn",
                  ],
                },
                "RunOrder": 1,
              },
            ],
            "Name": "Build",
          },
        ],
      },
      "Type": "AWS::CodePipeline::Pipeline",
    },
    "PipelineRoleD68726F7": {
      "Properties": {
        "AssumeRolePolicyDocument": {
          "Statement": [
            {
              "Action": "sts:AssumeRole",
              "Effect": "Allow",
              "Principal": {
                "Service": "codepipeline.amazonaws.com",
              },
            },
          ],
          "Version": "2012-10-17",
        },
      },
      "Type": "AWS::IAM::Role",
    },
    "PipelineRoleDefaultPolicyC7A05455": {
      "Properties": {
        "PolicyDocument": {
          "Statement": [
            {
              "Action": [
                "s3:GetObject*",
                "s3:GetBucket*",
                "s3:List*",
                "s3:DeleteObject*",
                "s3:PutObject",
                "s3:PutObjectLegalHold",
                "s3:PutObjectRetention",
                "s3:PutObjectTagging",
                "s3:PutObjectVersionTagging",
                "s3:Abort*",
              ],
              "Effect": "Allow",
              "Resource": [
                {
                  "Fn::GetAtt": [
                    "PipelineArtifactsBucket22248F97",
                    "Arn",
                  ],
                },
                {
                  "Fn::Join": [
                    "",
                    [
                      {
                        "Fn::GetAtt": [
                          "PipelineArtifactsBucket22248F97",
                          "Arn",
                        ],
                      },
                      "/*",
                    ],
                  ],
                },
              ],
            },
            {
              "Action": [
                "kms:Decrypt",
                "kms:DescribeKey",
                "kms:Encrypt",
                "kms:ReEncrypt*",
                "kms:GenerateDataKey*",
              ],
              "Effect": "Allow",
              "Resource": {
                "Fn::GetAtt": [
                  "PipelineArtifactsBucketEncryptionKey01D58D69",
                  "Arn",
                ],
              },
            },
            {
              "Action": "sts:AssumeRole",
              "Effect": "Allow",
              "Resource": {
                "Fn::GetAtt": [
                  "PipelineSourceCodePipelineActionRoleC6F9E7F5",
                  "Arn",
                ],
              },
            },
            {
              "Action": "sts:AssumeRole",
              "Effect": "Allow",
              "Resource": {
                "Fn::GetAtt": [
                  "PipelineBuildBuildActionCodePipelineActionRoleBF1F5618",
                  "Arn",
                ],
              },
            },
          ],
          "Version": "2012-10-17",
        },
        "PolicyName": "PipelineRoleDefaultPolicyC7A05455",
        "Roles": [
          {
            "Ref": "PipelineRoleD68726F7",
          },
        ],
      },
      "Type": "AWS::IAM::Policy",
    },
    "PipelineSourceCodePipelineActionRoleC6F9E7F5": {
      "Properties": {
        "AssumeRolePolicyDocument": {
          "Statement": [
            {
              "Action": "sts:AssumeRole",
              "Effect": "Allow",
              "Principal": {
                "AWS": {
                  "Fn::Join": [
                    "",
                    [
                      "arn:",
                      {
                        "Ref": "AWS::Partition",
                      },
                      ":iam::",
                      {
                        "Ref": "AWS::AccountId",
                      },
                      ":root",
                    ],
                  ],
                },
              },
            },
          ],
          "Version": "2012-10-17",
        },
      },
      "Type": "AWS::IAM::Role",
    },
    "PipelineSourceCodePipelineActionRoleDefaultPolicy2D565925": {
      "Properties": {
        "PolicyDocument": {
          "Statement": [
            {
              "Action": [
                "s3:GetObject*",
                "s3:GetBucket*",
                "s3:List*",
              ],
              "Effect": "Allow",
              "Resource": [
                {
                  "Fn::GetAtt": [
                    "MyTestStackrushdeploybucketB2562C9E",
                    "Arn",
                  ],
                },
                {
                  "Fn::Join": [
                    "",
                    [
                      {
                        "Fn::GetAtt": [
                          "MyTestStackrushdeploybucketB2562C9E",
                          "Arn",
                        ],
                      },
                      "/luck-by-dice.zip",
                    ],
                  ],
                },
              ],
            },
            {
              "Action": [
                "s3:DeleteObject*",
                "s3:PutObject",
                "s3:PutObjectLegalHold",
                "s3:PutObjectRetention",
                "s3:PutObjectTagging",
                "s3:PutObjectVersionTagging",
                "s3:Abort*",
              ],
              "Effect": "Allow",
              "Resource": [
                {
                  "Fn::GetAtt": [
                    "PipelineArtifactsBucket22248F97",
                    "Arn",
                  ],
                },
                {
                  "Fn::Join": [
                    "",
                    [
                      {
                        "Fn::GetAtt": [
                          "PipelineArtifactsBucket22248F97",
                          "Arn",
                        ],
                      },
                      "/*",
                    ],
                  ],
                },
              ],
            },
            {
              "Action": [
                "kms:Encrypt",
                "kms:ReEncrypt*",
                "kms:GenerateDataKey*",
                "kms:Decrypt",
              ],
              "Effect": "Allow",
              "Resource": {
                "Fn::GetAtt": [
                  "PipelineArtifactsBucketEncryptionKey01D58D69",
                  "Arn",
                ],
              },
            },
          ],
          "Version": "2012-10-17",
        },
        "PolicyName": "PipelineSourceCodePipelineActionRoleDefaultPolicy2D565925",
        "Roles": [
          {
            "Ref": "PipelineSourceCodePipelineActionRoleC6F9E7F5",
          },
        ],
      },
      "Type": "AWS::IAM::Policy",
    },
  },
  "Rules": {
    "CheckBootstrapVersion": {
      "Assertions": [
        {
          "Assert": {
            "Fn::Not": [
              {
                "Fn::Contains": [
                  [
                    "1",
                    "2",
                    "3",
                    "4",
                    "5",
                  ],
                  {
                    "Ref": "BootstrapVersion",
                  },
                ],
              },
            ],
          },
          "AssertDescription": "CDK bootstrap stack version 6 required. Please run 'cdk bootstrap' with a recent version of the CDK CLI.",
        },
      ],
    },
  },
}
`;
