// Jest Snapshot v1, https://goo.gl/fbAQLP

exports[`LuckByDiceStack should match snapshot test 1`] = `
{
  Outputs: {
    LocalhostAPIExample: {
      Value: {
        Fn::Join: [
          ,
          [
            https://,
            {
              Ref: charactersheetstackcharactersheetstackapiendpointcharactersheetstackapiendpointcustomdomain8A48D75F,
            },
            /dice-roll,
          ],
        ],
      },
    },
    charactersheetstackcharactersheetstackapiendpointcharactersheetstackapiendpointrestapiEndpoint3B9A3C73: {
      Value: {
        Fn::Join: [
          ,
          [
            https://,
            {
              Ref: charactersheetstackcharactersheetstackapiendpointcharactersheetstackapiendpointrestapiBBFD856C,
            },
            .execute-api.,
            {
              Ref: AWS::Region,
            },
            .,
            {
              Ref: AWS::URLSuffix,
            },
            /,
            {
              Ref: charactersheetstackcharactersheetstackapiendpointcharactersheetstackapiendpointrestapiDeploymentStageprod9E68E6CC,
            },
            /,
          ],
        ],
      },
    },
  },
  Parameters: {
    BootstrapVersion: {
      Default: /cdk-bootstrap/hnb659fds/version,
      Description: Version of the CDK Bootstrap resources in this environment, automatically retrieved from SSM Parameter Store. [cdk:skip],
      Type: AWS::SSM::Parameter::Value<String>,
    },
    charactersheetstackcharactersheetstackapiendpointcharactersheetstackapiendpointhostedzoneidParameterFBA7ADEC: {
      Default: my-domains-hosted-zone-id,
      Type: AWS::SSM::Parameter::Value<String>,
    },
    charactersheetstackcharactersheetstackapiendpointcharactersheetstackapiendpointorgformationcertswildcardcert1arnParameter3665C413: {
      Default: orgformation-certs-wildcard-cert1-arn,
      Type: AWS::SSM::Parameter::Value<String>,
    },
    charactersheetstackcharactersheetstackapiendpointcharactersheetstackapiendpointssmdomainnameParameter84D42107: {
      Default: DOMAIN_NAME,
      Type: AWS::SSM::Parameter::Value<String>,
    },
    lambdalayernestjslatestversionssmParameter: {
      Default: lambda-layer-nestjs-latest-version,
      Type: AWS::SSM::Parameter::Value<String>,
    },
    mongodatabasepasswordssmParameter: {
      Default: MONGO_DATABASE_PASSWORD,
      Type: AWS::SSM::Parameter::Value<String>,
    },
    mongodatabaseurissmParameter: {
      Default: MONGO_DATABASE_URI,
      Type: AWS::SSM::Parameter::Value<String>,
    },
    mongodatabaseuserssmParameter: {
      Default: MONGO_DATABASE_USER,
      Type: AWS::SSM::Parameter::Value<String>,
    },
  },
  Resources: {
    LogRetentionaae0aa3c5b4d4f87b02d85b201efdd8aFD4BFC8A: {
      DependsOn: [
        LogRetentionaae0aa3c5b4d4f87b02d85b201efdd8aServiceRoleDefaultPolicyADDA7DEB,
        LogRetentionaae0aa3c5b4d4f87b02d85b201efdd8aServiceRole9741ECFB,
      ],
      Properties: {
        Code: {
          S3Bucket: {
            Fn::Sub: cdk-hnb659fds-assets-\${AWS::AccountId}-\${AWS::Region},
          },
          S3Key: UNIQUE_HASH.zip,
        },
        Handler: index.handler,
        Role: {
          Fn::GetAtt: [
            LogRetentionaae0aa3c5b4d4f87b02d85b201efdd8aServiceRole9741ECFB,
            Arn,
          ],
        },
        Runtime: nodejs18.x,
        Timeout: 900,
      },
      Type: AWS::Lambda::Function,
    },
    LogRetentionaae0aa3c5b4d4f87b02d85b201efdd8aServiceRole9741ECFB: {
      Properties: {
        AssumeRolePolicyDocument: {
          Statement: [
            {
              Action: sts:AssumeRole,
              Effect: Allow,
              Principal: {
                Service: lambda.amazonaws.com,
              },
            },
          ],
          Version: 2012-10-17,
        },
        ManagedPolicyArns: [
          {
            Fn::Join: [
              ,
              [
                arn:,
                {
                  Ref: AWS::Partition,
                },
                :iam::aws:policy/service-role/AWSLambdaBasicExecutionRole,
              ],
            ],
          },
        ],
      },
      Type: AWS::IAM::Role,
    },
    LogRetentionaae0aa3c5b4d4f87b02d85b201efdd8aServiceRoleDefaultPolicyADDA7DEB: {
      Properties: {
        PolicyDocument: {
          Statement: [
            {
              Action: [
                logs:PutRetentionPolicy,
                logs:DeleteRetentionPolicy,
              ],
              Effect: Allow,
              Resource: *,
            },
          ],
          Version: 2012-10-17,
        },
        PolicyName: LogRetentionaae0aa3c5b4d4f87b02d85b201efdd8aServiceRoleDefaultPolicyADDA7DEB,
        Roles: [
          {
            Ref: LogRetentionaae0aa3c5b4d4f87b02d85b201efdd8aServiceRole9741ECFB,
          },
        ],
      },
      Type: AWS::IAM::Policy,
    },
    charactersheetstackcharactersheetstackapiendpointcharactersheetstackapiendpointapigatewayaliasrecord5C30FB5D: {
      Properties: {
        AliasTarget: {
          DNSName: {
            Fn::GetAtt: [
              charactersheetstackcharactersheetstackapiendpointcharactersheetstackapiendpointcustomdomain8A48D75F,
              RegionalDomainName,
            ],
          },
          HostedZoneId: {
            Fn::GetAtt: [
              charactersheetstackcharactersheetstackapiendpointcharactersheetstackapiendpointcustomdomain8A48D75F,
              RegionalHostedZoneId,
            ],
          },
        },
        HostedZoneId: {
          Ref: charactersheetstackcharactersheetstackapiendpointcharactersheetstackapiendpointhostedzoneidParameterFBA7ADEC,
        },
        Name: {
          Fn::Join: [
            ,
            [
              luck-by-dice.,
              {
                Ref: charactersheetstackcharactersheetstackapiendpointcharactersheetstackapiendpointssmdomainnameParameter84D42107,
              },
              .,
            ],
          ],
        },
        Type: A,
      },
      Type: AWS::Route53::RecordSet,
    },
    charactersheetstackcharactersheetstackapiendpointcharactersheetstackapiendpointapistage95BA0454: {
      DependsOn: [
        charactersheetstackcharactersheetstackapiendpointcharactersheetstackapiendpointrestapiAccount8E6C23F9,
      ],
      Properties: {
        DeploymentId: {
          Ref: charactersheetstackcharactersheetstackapiendpointcharactersheetstackapiendpointdeployment_UNIQUE_HASH,
        },
        RestApiId: {
          Ref: charactersheetstackcharactersheetstackapiendpointcharactersheetstackapiendpointrestapiBBFD856C,
        },
        StageName: default,
      },
      Type: AWS::ApiGateway::Stage,
    },
    charactersheetstackcharactersheetstackapiendpointcharactersheetstackapiendpointcustomdomain8A48D75F: {
      Properties: {
        DomainName: {
          Fn::Join: [
            ,
            [
              luck-by-dice.,
              {
                Ref: charactersheetstackcharactersheetstackapiendpointcharactersheetstackapiendpointssmdomainnameParameter84D42107,
              },
            ],
          ],
        },
        EndpointConfiguration: {
          Types: [
            REGIONAL,
          ],
        },
        RegionalCertificateArn: {
          Ref: charactersheetstackcharactersheetstackapiendpointcharactersheetstackapiendpointorgformationcertswildcardcert1arnParameter3665C413,
        },
        SecurityPolicy: TLS_1_2,
      },
      Type: AWS::ApiGateway::DomainName,
    },
    charactersheetstackcharactersheetstackapiendpointcharactersheetstackapiendpointcustomdomainMapMyTestStackcharactersheetstackcharactersheetstackapiendpointcharactersheetstackapiendpointrestapiE6C6138742AE4898: {
      Properties: {
        DomainName: {
          Ref: charactersheetstackcharactersheetstackapiendpointcharactersheetstackapiendpointcustomdomain8A48D75F,
        },
        RestApiId: {
          Ref: charactersheetstackcharactersheetstackapiendpointcharactersheetstackapiendpointrestapiBBFD856C,
        },
        Stage: {
          Ref: charactersheetstackcharactersheetstackapiendpointcharactersheetstackapiendpointrestapiDeploymentStageprod9E68E6CC,
        },
      },
      Type: AWS::ApiGateway::BasePathMapping,
    },
    charactersheetstackcharactersheetstackapiendpointcharactersheetstackapiendpointdeployment_UNIQUE_HASH: {
      DependsOn: [
        charactersheetstackcharactersheetstackapiendpointcharactersheetstackapiendpointrestapiproxyANY76BC55C9,
        charactersheetstackcharactersheetstackapiendpointcharactersheetstackapiendpointrestapiANY619078BC,
      ],
      Properties: {
        RestApiId: {
          Ref: charactersheetstackcharactersheetstackapiendpointcharactersheetstackapiendpointrestapiBBFD856C,
        },
      },
      Type: AWS::ApiGateway::Deployment,
    },
    charactersheetstackcharactersheetstackapiendpointcharactersheetstackapiendpointluckbydicesvcdomainname23516050: {
      Properties: {
        Description: luck-by-dice service domain name,
        Name: LUCK_BY_DICE_SVC_DOMAIN_NAME,
        Type: String,
        Value: {
          Ref: charactersheetstackcharactersheetstackapiendpointcharactersheetstackapiendpointcustomdomain8A48D75F,
        },
      },
      Type: AWS::SSM::Parameter,
    },
    charactersheetstackcharactersheetstackapiendpointcharactersheetstackapiendpointrestapiANY619078BC: {
      Properties: {
        AuthorizationType: NONE,
        HttpMethod: ANY,
        Integration: {
          IntegrationHttpMethod: POST,
          Type: AWS_PROXY,
          Uri: {
            Fn::Join: [
              ,
              [
                arn:,
                {
                  Ref: AWS::Partition,
                },
                :apigateway:,
                {
                  Ref: AWS::Region,
                },
                :lambda:path/2015-03-31/functions/,
                {
                  Fn::GetAtt: [
                    charactersheetstacknestjsNodeJsLambda5D2C9C5F,
                    Arn,
                  ],
                },
                /invocations,
              ],
            ],
          },
        },
        ResourceId: {
          Fn::GetAtt: [
            charactersheetstackcharactersheetstackapiendpointcharactersheetstackapiendpointrestapiBBFD856C,
            RootResourceId,
          ],
        },
        RestApiId: {
          Ref: charactersheetstackcharactersheetstackapiendpointcharactersheetstackapiendpointrestapiBBFD856C,
        },
      },
      Type: AWS::ApiGateway::Method,
    },
    charactersheetstackcharactersheetstackapiendpointcharactersheetstackapiendpointrestapiANYApiPermissionMyTestStackcharactersheetstackcharactersheetstackapiendpointcharactersheetstackapiendpointrestapiE6C61387ANYA17AA2F9: {
      Properties: {
        Action: lambda:InvokeFunction,
        FunctionName: {
          Fn::GetAtt: [
            charactersheetstacknestjsNodeJsLambda5D2C9C5F,
            Arn,
          ],
        },
        Principal: apigateway.amazonaws.com,
        SourceArn: {
          Fn::Join: [
            ,
            [
              arn:,
              {
                Ref: AWS::Partition,
              },
              :execute-api:,
              {
                Ref: AWS::Region,
              },
              :,
              {
                Ref: AWS::AccountId,
              },
              :,
              {
                Ref: charactersheetstackcharactersheetstackapiendpointcharactersheetstackapiendpointrestapiBBFD856C,
              },
              /,
              {
                Ref: charactersheetstackcharactersheetstackapiendpointcharactersheetstackapiendpointrestapiDeploymentStageprod9E68E6CC,
              },
              /*/,
            ],
          ],
        },
      },
      Type: AWS::Lambda::Permission,
    },
    charactersheetstackcharactersheetstackapiendpointcharactersheetstackapiendpointrestapiANYApiPermissionTestMyTestStackcharactersheetstackcharactersheetstackapiendpointcharactersheetstackapiendpointrestapiE6C61387ANYDC9E1D70: {
      Properties: {
        Action: lambda:InvokeFunction,
        FunctionName: {
          Fn::GetAtt: [
            charactersheetstacknestjsNodeJsLambda5D2C9C5F,
            Arn,
          ],
        },
        Principal: apigateway.amazonaws.com,
        SourceArn: {
          Fn::Join: [
            ,
            [
              arn:,
              {
                Ref: AWS::Partition,
              },
              :execute-api:,
              {
                Ref: AWS::Region,
              },
              :,
              {
                Ref: AWS::AccountId,
              },
              :,
              {
                Ref: charactersheetstackcharactersheetstackapiendpointcharactersheetstackapiendpointrestapiBBFD856C,
              },
              /test-invoke-stage/*/,
            ],
          ],
        },
      },
      Type: AWS::Lambda::Permission,
    },
    charactersheetstackcharactersheetstackapiendpointcharactersheetstackapiendpointrestapiAccount8E6C23F9: {
      DeletionPolicy: Retain,
      DependsOn: [
        charactersheetstackcharactersheetstackapiendpointcharactersheetstackapiendpointrestapiBBFD856C,
      ],
      Properties: {
        CloudWatchRoleArn: {
          Fn::GetAtt: [
            charactersheetstackcharactersheetstackapiendpointcharactersheetstackapiendpointrestapiCloudWatchRole399F6E2A,
            Arn,
          ],
        },
      },
      Type: AWS::ApiGateway::Account,
      UpdateReplacePolicy: Retain,
    },
    charactersheetstackcharactersheetstackapiendpointcharactersheetstackapiendpointrestapiBBFD856C: {
      Properties: {
        Description: luck-by-dice Service API Gateway,
        Name: luck-by-dice RestAPI,
      },
      Type: AWS::ApiGateway::RestApi,
    },
    charactersheetstackcharactersheetstackapiendpointcharactersheetstackapiendpointrestapiCloudWatchRole399F6E2A: {
      DeletionPolicy: Retain,
      Properties: {
        AssumeRolePolicyDocument: {
          Statement: [
            {
              Action: sts:AssumeRole,
              Effect: Allow,
              Principal: {
                Service: apigateway.amazonaws.com,
              },
            },
          ],
          Version: 2012-10-17,
        },
        ManagedPolicyArns: [
          {
            Fn::Join: [
              ,
              [
                arn:,
                {
                  Ref: AWS::Partition,
                },
                :iam::aws:policy/service-role/AmazonAPIGatewayPushToCloudWatchLogs,
              ],
            ],
          },
        ],
      },
      Type: AWS::IAM::Role,
      UpdateReplacePolicy: Retain,
    },
    charactersheetstackcharactersheetstackapiendpointcharactersheetstackapiendpointrestapiDeploymentE6A271A1fcdb4a62a85e0879b8b7c7f3a52212c3: {
      DependsOn: [
        charactersheetstackcharactersheetstackapiendpointcharactersheetstackapiendpointrestapiproxyANY76BC55C9,
        charactersheetstackcharactersheetstackapiendpointcharactersheetstackapiendpointrestapiproxy2BDDD74D,
        charactersheetstackcharactersheetstackapiendpointcharactersheetstackapiendpointrestapiANY619078BC,
      ],
      Properties: {
        Description: luck-by-dice Service API Gateway,
        RestApiId: {
          Ref: charactersheetstackcharactersheetstackapiendpointcharactersheetstackapiendpointrestapiBBFD856C,
        },
      },
      Type: AWS::ApiGateway::Deployment,
    },
    charactersheetstackcharactersheetstackapiendpointcharactersheetstackapiendpointrestapiDeploymentStageprod9E68E6CC: {
      DependsOn: [
        charactersheetstackcharactersheetstackapiendpointcharactersheetstackapiendpointrestapiAccount8E6C23F9,
      ],
      Properties: {
        DeploymentId: {
          Ref: charactersheetstackcharactersheetstackapiendpointcharactersheetstackapiendpointrestapiDeploymentE6A271A1fcdb4a62a85e0879b8b7c7f3a52212c3,
        },
        MethodSettings: [
          {
            DataTraceEnabled: false,
            HttpMethod: *,
            ResourcePath: /*,
            ThrottlingBurstLimit: 10,
            ThrottlingRateLimit: 10,
          },
        ],
        RestApiId: {
          Ref: charactersheetstackcharactersheetstackapiendpointcharactersheetstackapiendpointrestapiBBFD856C,
        },
        StageName: prod,
      },
      Type: AWS::ApiGateway::Stage,
    },
    charactersheetstackcharactersheetstackapiendpointcharactersheetstackapiendpointrestapiproxy2BDDD74D: {
      Properties: {
        ParentId: {
          Fn::GetAtt: [
            charactersheetstackcharactersheetstackapiendpointcharactersheetstackapiendpointrestapiBBFD856C,
            RootResourceId,
          ],
        },
        PathPart: {proxy+},
        RestApiId: {
          Ref: charactersheetstackcharactersheetstackapiendpointcharactersheetstackapiendpointrestapiBBFD856C,
        },
      },
      Type: AWS::ApiGateway::Resource,
    },
    charactersheetstackcharactersheetstackapiendpointcharactersheetstackapiendpointrestapiproxyANY76BC55C9: {
      Properties: {
        AuthorizationType: NONE,
        HttpMethod: ANY,
        Integration: {
          IntegrationHttpMethod: POST,
          Type: AWS_PROXY,
          Uri: {
            Fn::Join: [
              ,
              [
                arn:,
                {
                  Ref: AWS::Partition,
                },
                :apigateway:,
                {
                  Ref: AWS::Region,
                },
                :lambda:path/2015-03-31/functions/,
                {
                  Fn::GetAtt: [
                    charactersheetstacknestjsNodeJsLambda5D2C9C5F,
                    Arn,
                  ],
                },
                /invocations,
              ],
            ],
          },
        },
        ResourceId: {
          Ref: charactersheetstackcharactersheetstackapiendpointcharactersheetstackapiendpointrestapiproxy2BDDD74D,
        },
        RestApiId: {
          Ref: charactersheetstackcharactersheetstackapiendpointcharactersheetstackapiendpointrestapiBBFD856C,
        },
      },
      Type: AWS::ApiGateway::Method,
    },
    charactersheetstackcharactersheetstackapiendpointcharactersheetstackapiendpointrestapiproxyANYApiPermissionMyTestStackcharactersheetstackcharactersheetstackapiendpointcharactersheetstackapiendpointrestapiE6C61387ANYproxy61746117: {
      Properties: {
        Action: lambda:InvokeFunction,
        FunctionName: {
          Fn::GetAtt: [
            charactersheetstacknestjsNodeJsLambda5D2C9C5F,
            Arn,
          ],
        },
        Principal: apigateway.amazonaws.com,
        SourceArn: {
          Fn::Join: [
            ,
            [
              arn:,
              {
                Ref: AWS::Partition,
              },
              :execute-api:,
              {
                Ref: AWS::Region,
              },
              :,
              {
                Ref: AWS::AccountId,
              },
              :,
              {
                Ref: charactersheetstackcharactersheetstackapiendpointcharactersheetstackapiendpointrestapiBBFD856C,
              },
              /,
              {
                Ref: charactersheetstackcharactersheetstackapiendpointcharactersheetstackapiendpointrestapiDeploymentStageprod9E68E6CC,
              },
              /*/*,
            ],
          ],
        },
      },
      Type: AWS::Lambda::Permission,
    },
    charactersheetstackcharactersheetstackapiendpointcharactersheetstackapiendpointrestapiproxyANYApiPermissionTestMyTestStackcharactersheetstackcharactersheetstackapiendpointcharactersheetstackapiendpointrestapiE6C61387ANYproxy7288B15F: {
      Properties: {
        Action: lambda:InvokeFunction,
        FunctionName: {
          Fn::GetAtt: [
            charactersheetstacknestjsNodeJsLambda5D2C9C5F,
            Arn,
          ],
        },
        Principal: apigateway.amazonaws.com,
        SourceArn: {
          Fn::Join: [
            ,
            [
              arn:,
              {
                Ref: AWS::Partition,
              },
              :execute-api:,
              {
                Ref: AWS::Region,
              },
              :,
              {
                Ref: AWS::AccountId,
              },
              :,
              {
                Ref: charactersheetstackcharactersheetstackapiendpointcharactersheetstackapiendpointrestapiBBFD856C,
              },
              /test-invoke-stage/*/*,
            ],
          ],
        },
      },
      Type: AWS::Lambda::Permission,
    },
    charactersheetstacknestjsNodeJsLambda5D2C9C5F: {
      DependsOn: [
        charactersheetstacknestjsNodeJsLambdaServiceRoleF23E6E16,
      ],
      Properties: {
        Code: {
          S3Bucket: {
            Fn::Sub: cdk-hnb659fds-assets-\${AWS::AccountId}-\${AWS::Region},
          },
          S3Key: UNIQUE_HASH.zip,
        },
        Environment: {
          Variables: {
            AWS_ACCOUNT_ID: {
              Ref: AWS::AccountId,
            },
            MONGO_DATABASE_PASSWORD: {
              Ref: mongodatabasepasswordssmParameter,
            },
            MONGO_DATABASE_URI: {
              Ref: mongodatabaseurissmParameter,
            },
            MONGO_DATABASE_USER: {
              Ref: mongodatabaseuserssmParameter,
            },
            STAGE_NAME: default,
          },
        },
        Handler: index.handler,
        Layers: [
          {
            Ref: lambdalayernestjslatestversionssmParameter,
          },
        ],
        MemorySize: 1024,
        Role: {
          Fn::GetAtt: [
            charactersheetstacknestjsNodeJsLambdaServiceRoleF23E6E16,
            Arn,
          ],
        },
        Runtime: nodejs18.x,
        Timeout: 30,
      },
      Type: AWS::Lambda::Function,
    },
    charactersheetstacknestjsNodeJsLambdaLogRetentionBC02AD54: {
      Properties: {
        LogGroupName: {
          Fn::Join: [
            ,
            [
              /aws/lambda/,
              {
                Ref: charactersheetstacknestjsNodeJsLambda5D2C9C5F,
              },
            ],
          ],
        },
        RetentionInDays: 1,
        ServiceToken: {
          Fn::GetAtt: [
            LogRetentionaae0aa3c5b4d4f87b02d85b201efdd8aFD4BFC8A,
            Arn,
          ],
        },
      },
      Type: Custom::LogRetention,
    },
    charactersheetstacknestjsNodeJsLambdaServiceRoleF23E6E16: {
      Properties: {
        AssumeRolePolicyDocument: {
          Statement: [
            {
              Action: sts:AssumeRole,
              Effect: Allow,
              Principal: {
                Service: lambda.amazonaws.com,
              },
            },
          ],
          Version: 2012-10-17,
        },
        ManagedPolicyArns: [
          {
            Fn::Join: [
              ,
              [
                arn:,
                {
                  Ref: AWS::Partition,
                },
                :iam::aws:policy/service-role/AWSLambdaBasicExecutionRole,
              ],
            ],
          },
        ],
      },
      Type: AWS::IAM::Role,
    },
  },
  Rules: {
    CheckBootstrapVersion: {
      Assertions: [
        {
          Assert: {
            Fn::Not: [
              {
                Fn::Contains: [
                  [
                    1,
                    2,
                    3,
                    4,
                    5,
                  ],
                  {
                    Ref: BootstrapVersion,
                  },
                ],
              },
            ],
          },
          AssertDescription: CDK bootstrap stack version 6 required. Please run 'cdk bootstrap' with a recent version of the CDK CLI.,
        },
      ],
    },
  },
}
`;
