// Jest Snapshot v1, https://goo.gl/fbAQLP

exports[`LuckByDiceStack should match snapshot test 1`] = `
{
  Outputs: {
    LocalhostAPIExample: {
      Value: {
        Fn::Join: [
          ,
          [
            https://,
            {
              Ref: charactersheetstackcharactersheetstackapiendpointrestapiidssmParameter565289F3,
            },
            .execute-api.,
            {
              Ref: AWS::Region,
            },
            .amazonaws.com/default/v1/luck-by-dice/dice-roll,
          ],
        ],
      },
    },
  },
  Parameters: {
    BootstrapVersion: {
      Default: /cdk-bootstrap/hnb659fds/version,
      Description: Version of the CDK Bootstrap resources in this environment, automatically retrieved from SSM Parameter Store. [cdk:skip],
      Type: AWS::SSM::Parameter::Value<String>,
    },
    charactersheetstackcharactersheetstackapiendpointrestapiidssmParameter565289F3: {
      Default: web-api-gateway-rest-api-id,
      Type: AWS::SSM::Parameter::Value<String>,
    },
    charactersheetstackcharactersheetstackapiendpointrootresourceidssmParameter23C26ADE: {
      Default: web-api-gateway-root-resource-id,
      Type: AWS::SSM::Parameter::Value<String>,
    },
    charactersheetstackcharactersheetstackapiendpointv1resourceidssmParameterB4D269AA: {
      Default: web-api-gateway-v1-resource-id,
      Type: AWS::SSM::Parameter::Value<String>,
    },
    lambdalayernestjslatestversionssmParameter: {
      Default: lambda-layer-nestjs-latest-version,
      Type: AWS::SSM::Parameter::Value<String>,
    },
    mongodatabasepasswordssmParameter: {
      Default: MONGO_DATABASE_PASSWORD,
      Type: AWS::SSM::Parameter::Value<String>,
    },
    mongodatabaseurissmParameter: {
      Default: MONGO_DATABASE_URI,
      Type: AWS::SSM::Parameter::Value<String>,
    },
    mongodatabaseuserssmParameter: {
      Default: MONGO_DATABASE_USER,
      Type: AWS::SSM::Parameter::Value<String>,
    },
    restapiidssmParameter: {
      Default: web-api-gateway-rest-api-id,
      Type: AWS::SSM::Parameter::Value<String>,
    },
  },
  Resources: {
    LogRetentionaae0aa3c5b4d4f87b02d85b201efdd8aFD4BFC8A: {
      DependsOn: [
        LogRetentionaae0aa3c5b4d4f87b02d85b201efdd8aServiceRoleDefaultPolicyADDA7DEB,
        LogRetentionaae0aa3c5b4d4f87b02d85b201efdd8aServiceRole9741ECFB,
      ],
      Properties: {
        Code: {
          S3Bucket: {
            Fn::Sub: cdk-hnb659fds-assets-\${AWS::AccountId}-\${AWS::Region},
          },
          S3Key: 1039a174afbf09cd27e3b215f53b9e80b1bd66df24547e5746f0e5bcb9204cf3.zip,
        },
        Handler: index.handler,
        Role: {
          Fn::GetAtt: [
            LogRetentionaae0aa3c5b4d4f87b02d85b201efdd8aServiceRole9741ECFB,
            Arn,
          ],
        },
        Runtime: nodejs18.x,
        Timeout: 900,
      },
      Type: AWS::Lambda::Function,
    },
    LogRetentionaae0aa3c5b4d4f87b02d85b201efdd8aServiceRole9741ECFB: {
      Properties: {
        AssumeRolePolicyDocument: {
          Statement: [
            {
              Action: sts:AssumeRole,
              Effect: Allow,
              Principal: {
                Service: lambda.amazonaws.com,
              },
            },
          ],
          Version: 2012-10-17,
        },
        ManagedPolicyArns: [
          {
            Fn::Join: [
              ,
              [
                arn:,
                {
                  Ref: AWS::Partition,
                },
                :iam::aws:policy/service-role/AWSLambdaBasicExecutionRole,
              ],
            ],
          },
        ],
      },
      Type: AWS::IAM::Role,
    },
    LogRetentionaae0aa3c5b4d4f87b02d85b201efdd8aServiceRoleDefaultPolicyADDA7DEB: {
      Properties: {
        PolicyDocument: {
          Statement: [
            {
              Action: [
                logs:PutRetentionPolicy,
                logs:DeleteRetentionPolicy,
              ],
              Effect: Allow,
              Resource: *,
            },
          ],
          Version: 2012-10-17,
        },
        PolicyName: LogRetentionaae0aa3c5b4d4f87b02d85b201efdd8aServiceRoleDefaultPolicyADDA7DEB,
        Roles: [
          {
            Ref: LogRetentionaae0aa3c5b4d4f87b02d85b201efdd8aServiceRole9741ECFB,
          },
        ],
      },
      Type: AWS::IAM::Policy,
    },
    charactersheetstackcharactersheetstackapiendpointcharactersheetstackapiendpointapigwresource8242EE37: {
      Properties: {
        ParentId: {
          Ref: charactersheetstackcharactersheetstackapiendpointv1resourceidssmParameterB4D269AA,
        },
        PathPart: luck-by-dice,
        RestApiId: {
          Ref: charactersheetstackcharactersheetstackapiendpointrestapiidssmParameter565289F3,
        },
      },
      Type: AWS::ApiGateway::Resource,
    },
    charactersheetstackcharactersheetstackapiendpointcharactersheetstackapiendpointapigwresourceproxyANY9E17AC34: {
      Properties: {
        AuthorizationType: NONE,
        HttpMethod: ANY,
        Integration: {
          IntegrationHttpMethod: POST,
          Type: AWS_PROXY,
          Uri: {
            Fn::Join: [
              ,
              [
                arn:,
                {
                  Ref: AWS::Partition,
                },
                :apigateway:,
                {
                  Ref: AWS::Region,
                },
                :lambda:path/2015-03-31/functions/,
                {
                  Fn::GetAtt: [
                    charactersheetstacknestjsNodeJsLambda5D2C9C5F,
                    Arn,
                  ],
                },
                /invocations,
              ],
            ],
          },
        },
        ResourceId: {
          Ref: charactersheetstackcharactersheetstackapiendpointcharactersheetstackapiendpointapigwresourceproxyDD2ADD2F,
        },
        RestApiId: {
          Ref: charactersheetstackcharactersheetstackapiendpointrestapiidssmParameter565289F3,
        },
      },
      Type: AWS::ApiGateway::Method,
    },
    charactersheetstackcharactersheetstackapiendpointcharactersheetstackapiendpointapigwresourceproxyANYApiPermissionMyTestStackcharactersheetstackcharactersheetstackapiendpointcharactersheetstackapiendpointmainapi233367A6ANYv1luckbydiceproxyAA9F4B4D: {
      Properties: {
        Action: lambda:InvokeFunction,
        FunctionName: {
          Fn::GetAtt: [
            charactersheetstacknestjsNodeJsLambda5D2C9C5F,
            Arn,
          ],
        },
        Principal: apigateway.amazonaws.com,
        SourceArn: {
          Fn::Join: [
            ,
            [
              arn:,
              {
                Ref: AWS::Partition,
              },
              :execute-api:,
              {
                Ref: AWS::Region,
              },
              :,
              {
                Ref: AWS::AccountId,
              },
              :,
              {
                Ref: charactersheetstackcharactersheetstackapiendpointrestapiidssmParameter565289F3,
              },
              /*/*/v1/luck-by-dice/*,
            ],
          ],
        },
      },
      Type: AWS::Lambda::Permission,
    },
    charactersheetstackcharactersheetstackapiendpointcharactersheetstackapiendpointapigwresourceproxyANYApiPermissionTestMyTestStackcharactersheetstackcharactersheetstackapiendpointcharactersheetstackapiendpointmainapi233367A6ANYv1luckbydiceproBA03FC76: {
      Properties: {
        Action: lambda:InvokeFunction,
        FunctionName: {
          Fn::GetAtt: [
            charactersheetstacknestjsNodeJsLambda5D2C9C5F,
            Arn,
          ],
        },
        Principal: apigateway.amazonaws.com,
        SourceArn: {
          Fn::Join: [
            ,
            [
              arn:,
              {
                Ref: AWS::Partition,
              },
              :execute-api:,
              {
                Ref: AWS::Region,
              },
              :,
              {
                Ref: AWS::AccountId,
              },
              :,
              {
                Ref: charactersheetstackcharactersheetstackapiendpointrestapiidssmParameter565289F3,
              },
              /test-invoke-stage/*/v1/luck-by-dice/*,
            ],
          ],
        },
      },
      Type: AWS::Lambda::Permission,
    },
    charactersheetstackcharactersheetstackapiendpointcharactersheetstackapiendpointapigwresourceproxyDD2ADD2F: {
      Properties: {
        ParentId: {
          Ref: charactersheetstackcharactersheetstackapiendpointcharactersheetstackapiendpointapigwresource8242EE37,
        },
        PathPart: {proxy+},
        RestApiId: {
          Ref: charactersheetstackcharactersheetstackapiendpointrestapiidssmParameter565289F3,
        },
      },
      Type: AWS::ApiGateway::Resource,
    },
    charactersheetstackcharactersheetstackapiendpointcharactersheetstackapiendpointdeployment_UNIQUE_HASH: {
      Properties: {
        RestApiId: {
          Ref: charactersheetstackcharactersheetstackapiendpointrestapiidssmParameter565289F3,
        },
        StageName: default,
      },
      Type: AWS::ApiGateway::Deployment,
    },
    charactersheetstacknestjsNodeJsLambda5D2C9C5F: {
      DependsOn: [
        charactersheetstacknestjsNodeJsLambdaServiceRoleF23E6E16,
      ],
      Properties: {
        Code: {
          S3Bucket: {
            Fn::Sub: cdk-hnb659fds-assets-\${AWS::AccountId}-\${AWS::Region},
          },
          S3Key: 2986b098abca319561d6cd748799f8de3d78ec8bf97104bf02f416886f93d3bc.zip,
        },
        Environment: {
          Variables: {
            AWS_ACCOUNT_ID: {
              Ref: AWS::AccountId,
            },
            BASE_URL: {
              Fn::Join: [
                ,
                [
                  https://,
                  {
                    Ref: restapiidssmParameter,
                  },
                  .execute-api.,
                  {
                    Ref: AWS::Region,
                  },
                  .amazonaws.com/default/v1,
                ],
              ],
            },
            MONGO_DATABASE_PASSWORD: {
              Ref: mongodatabasepasswordssmParameter,
            },
            MONGO_DATABASE_URI: {
              Ref: mongodatabaseurissmParameter,
            },
            MONGO_DATABASE_USER: {
              Ref: mongodatabaseuserssmParameter,
            },
            STAGE_NAME: default,
          },
        },
        Handler: index.handler,
        Layers: [
          {
            Ref: lambdalayernestjslatestversionssmParameter,
          },
        ],
        MemorySize: 1024,
        Role: {
          Fn::GetAtt: [
            charactersheetstacknestjsNodeJsLambdaServiceRoleF23E6E16,
            Arn,
          ],
        },
        Runtime: nodejs18.x,
        Timeout: 30,
      },
      Type: AWS::Lambda::Function,
    },
    charactersheetstacknestjsNodeJsLambdaLogRetentionBC02AD54: {
      Properties: {
        LogGroupName: {
          Fn::Join: [
            ,
            [
              /aws/lambda/,
              {
                Ref: charactersheetstacknestjsNodeJsLambda5D2C9C5F,
              },
            ],
          ],
        },
        RetentionInDays: 1,
        ServiceToken: {
          Fn::GetAtt: [
            LogRetentionaae0aa3c5b4d4f87b02d85b201efdd8aFD4BFC8A,
            Arn,
          ],
        },
      },
      Type: Custom::LogRetention,
    },
    charactersheetstacknestjsNodeJsLambdaServiceRoleF23E6E16: {
      Properties: {
        AssumeRolePolicyDocument: {
          Statement: [
            {
              Action: sts:AssumeRole,
              Effect: Allow,
              Principal: {
                Service: lambda.amazonaws.com,
              },
            },
          ],
          Version: 2012-10-17,
        },
        ManagedPolicyArns: [
          {
            Fn::Join: [
              ,
              [
                arn:,
                {
                  Ref: AWS::Partition,
                },
                :iam::aws:policy/service-role/AWSLambdaBasicExecutionRole,
              ],
            ],
          },
        ],
      },
      Type: AWS::IAM::Role,
    },
  },
  Rules: {
    CheckBootstrapVersion: {
      Assertions: [
        {
          Assert: {
            Fn::Not: [
              {
                Fn::Contains: [
                  [
                    1,
                    2,
                    3,
                    4,
                    5,
                  ],
                  {
                    Ref: BootstrapVersion,
                  },
                ],
              },
            ],
          },
          AssertDescription: CDK bootstrap stack version 6 required. Please run 'cdk bootstrap' with a recent version of the CDK CLI.,
        },
      ],
    },
  },
}
`;
