// Jest Snapshot v1, https://goo.gl/fbAQLP

exports[`PlayerAchievementsStack should match snapshot test 1`] = `
{
  Outputs: {
    LocalhostAPIExample: {
      Value: {
        Fn::Join: [
          ,
          [
            https://,
            {
              Ref: playerachievementsplayerachievementsapiendpointplayerachievementsapiendpointcustomdomain15A5A4F4,
            },
          ],
        ],
      },
    },
    playerachievementsplayerachievementsapiendpointplayerachievementsapiendpointrestapiEndpoint6327C76A: {
      Value: {
        Fn::Join: [
          ,
          [
            https://,
            {
              Ref: playerachievementsplayerachievementsapiendpointplayerachievementsapiendpointrestapiC109C163,
            },
            .execute-api.,
            {
              Ref: AWS::Region,
            },
            .,
            {
              Ref: AWS::URLSuffix,
            },
            /,
            {
              Ref: playerachievementsplayerachievementsapiendpointplayerachievementsapiendpointrestapiDeploymentStageprodA63E470C,
            },
            /,
          ],
        ],
      },
    },
  },
  Parameters: {
    BootstrapVersion: {
      Default: /cdk-bootstrap/hnb659fds/version,
      Description: Version of the CDK Bootstrap resources in this environment, automatically retrieved from SSM Parameter Store. [cdk:skip],
      Type: AWS::SSM::Parameter::Value<String>,
    },
    lambdalayernestjslatestversionssmParameter: {
      Default: lambda-layer-nestjs-latest-version,
      Type: AWS::SSM::Parameter::Value<String>,
    },
    mongodatabasepasswordssmParameter: {
      Default: MONGO_DATABASE_PASSWORD,
      Type: AWS::SSM::Parameter::Value<String>,
    },
    mongodatabaseurissmParameter: {
      Default: MONGO_DATABASE_URI,
      Type: AWS::SSM::Parameter::Value<String>,
    },
    mongodatabaseuserssmParameter: {
      Default: MONGO_DATABASE_USER,
      Type: AWS::SSM::Parameter::Value<String>,
    },
    playerachievementsplayerachievementsapiendpointplayerachievementsapiendpointhostedzoneidParameter594317D9: {
      Default: my-domains-hosted-zone-id,
      Type: AWS::SSM::Parameter::Value<String>,
    },
    playerachievementsplayerachievementsapiendpointplayerachievementsapiendpointorgformationcertswildcardcert1arnParameter02E2163D: {
      Default: orgformation-certs-wildcard-cert1-arn,
      Type: AWS::SSM::Parameter::Value<String>,
    },
    playerachievementsplayerachievementsapiendpointplayerachievementsapiendpointssmdomainnameParameterAD05C756: {
      Default: DOMAIN_NAME,
      Type: AWS::SSM::Parameter::Value<String>,
    },
  },
  Resources: {
    LogRetentionaae0aa3c5b4d4f87b02d85b201efdd8aFD4BFC8A: {
      DependsOn: [
        LogRetentionaae0aa3c5b4d4f87b02d85b201efdd8aServiceRoleDefaultPolicyADDA7DEB,
        LogRetentionaae0aa3c5b4d4f87b02d85b201efdd8aServiceRole9741ECFB,
      ],
      Properties: {
        Code: {
          S3Bucket: {
            Fn::Sub: cdk-hnb659fds-assets-\${AWS::AccountId}-\${AWS::Region},
          },
          S3Key: UNIQUE_HASH.zip,
        },
        Handler: index.handler,
        Role: {
          Fn::GetAtt: [
            LogRetentionaae0aa3c5b4d4f87b02d85b201efdd8aServiceRole9741ECFB,
            Arn,
          ],
        },
        Runtime: nodejs18.x,
        Timeout: 900,
      },
      Type: AWS::Lambda::Function,
    },
    LogRetentionaae0aa3c5b4d4f87b02d85b201efdd8aServiceRole9741ECFB: {
      Properties: {
        AssumeRolePolicyDocument: {
          Statement: [
            {
              Action: sts:AssumeRole,
              Effect: Allow,
              Principal: {
                Service: lambda.amazonaws.com,
              },
            },
          ],
          Version: 2012-10-17,
        },
        ManagedPolicyArns: [
          {
            Fn::Join: [
              ,
              [
                arn:,
                {
                  Ref: AWS::Partition,
                },
                :iam::aws:policy/service-role/AWSLambdaBasicExecutionRole,
              ],
            ],
          },
        ],
      },
      Type: AWS::IAM::Role,
    },
    LogRetentionaae0aa3c5b4d4f87b02d85b201efdd8aServiceRoleDefaultPolicyADDA7DEB: {
      Properties: {
        PolicyDocument: {
          Statement: [
            {
              Action: [
                logs:PutRetentionPolicy,
                logs:DeleteRetentionPolicy,
              ],
              Effect: Allow,
              Resource: *,
            },
          ],
          Version: 2012-10-17,
        },
        PolicyName: LogRetentionaae0aa3c5b4d4f87b02d85b201efdd8aServiceRoleDefaultPolicyADDA7DEB,
        Roles: [
          {
            Ref: LogRetentionaae0aa3c5b4d4f87b02d85b201efdd8aServiceRole9741ECFB,
          },
        ],
      },
      Type: AWS::IAM::Policy,
    },
    playerachievementsnestjsNodeJsLambda93CD6371: {
      DependsOn: [
        playerachievementsnestjsNodeJsLambdaServiceRole3AE0E04C,
      ],
      Properties: {
        Code: {
          S3Bucket: {
            Fn::Sub: cdk-hnb659fds-assets-\${AWS::AccountId}-\${AWS::Region},
          },
          S3Key: UNIQUE_HASH.zip,
        },
        Environment: {
          Variables: {
            AWS_ACCOUNT_ID: {
              Ref: AWS::AccountId,
            },
            MONGO_DATABASE_PASSWORD: {
              Ref: mongodatabasepasswordssmParameter,
            },
            MONGO_DATABASE_URI: {
              Ref: mongodatabaseurissmParameter,
            },
            MONGO_DATABASE_USER: {
              Ref: mongodatabaseuserssmParameter,
            },
            STAGE_NAME: default,
          },
        },
        Handler: index.handler,
        Layers: [
          {
            Ref: lambdalayernestjslatestversionssmParameter,
          },
        ],
        MemorySize: 1024,
        Role: {
          Fn::GetAtt: [
            playerachievementsnestjsNodeJsLambdaServiceRole3AE0E04C,
            Arn,
          ],
        },
        Runtime: nodejs18.x,
        Timeout: 30,
      },
      Type: AWS::Lambda::Function,
    },
    playerachievementsnestjsNodeJsLambdaLogRetention3A41F46A: {
      Properties: {
        LogGroupName: {
          Fn::Join: [
            ,
            [
              /aws/lambda/,
              {
                Ref: playerachievementsnestjsNodeJsLambda93CD6371,
              },
            ],
          ],
        },
        RetentionInDays: 1,
        ServiceToken: {
          Fn::GetAtt: [
            LogRetentionaae0aa3c5b4d4f87b02d85b201efdd8aFD4BFC8A,
            Arn,
          ],
        },
      },
      Type: Custom::LogRetention,
    },
    playerachievementsnestjsNodeJsLambdaServiceRole3AE0E04C: {
      Properties: {
        AssumeRolePolicyDocument: {
          Statement: [
            {
              Action: sts:AssumeRole,
              Effect: Allow,
              Principal: {
                Service: lambda.amazonaws.com,
              },
            },
          ],
          Version: 2012-10-17,
        },
        ManagedPolicyArns: [
          {
            Fn::Join: [
              ,
              [
                arn:,
                {
                  Ref: AWS::Partition,
                },
                :iam::aws:policy/service-role/AWSLambdaBasicExecutionRole,
              ],
            ],
          },
        ],
      },
      Type: AWS::IAM::Role,
    },
    playerachievementsplayerachievementsapiendpointplayerachievementsapiendpointapigatewayaliasrecord9D6F58E7: {
      Properties: {
        AliasTarget: {
          DNSName: {
            Fn::GetAtt: [
              playerachievementsplayerachievementsapiendpointplayerachievementsapiendpointcustomdomain15A5A4F4,
              RegionalDomainName,
            ],
          },
          HostedZoneId: {
            Fn::GetAtt: [
              playerachievementsplayerachievementsapiendpointplayerachievementsapiendpointcustomdomain15A5A4F4,
              RegionalHostedZoneId,
            ],
          },
        },
        HostedZoneId: {
          Ref: playerachievementsplayerachievementsapiendpointplayerachievementsapiendpointhostedzoneidParameter594317D9,
        },
        Name: {
          Fn::Join: [
            ,
            [
              player-achievements.,
              {
                Ref: playerachievementsplayerachievementsapiendpointplayerachievementsapiendpointssmdomainnameParameterAD05C756,
              },
              .,
            ],
          ],
        },
        Type: A,
      },
      Type: AWS::Route53::RecordSet,
    },
    playerachievementsplayerachievementsapiendpointplayerachievementsapiendpointapistage01237DB8: {
      DependsOn: [
        playerachievementsplayerachievementsapiendpointplayerachievementsapiendpointrestapiAccountCDCA5E54,
      ],
      Properties: {
        DeploymentId: {
          Ref: playerachievementsplayerachievementsapiendpointplayerachievementsapiendpointdeployment_UNIQUE_HASH,
        },
        RestApiId: {
          Ref: playerachievementsplayerachievementsapiendpointplayerachievementsapiendpointrestapiC109C163,
        },
        StageName: default,
      },
      Type: AWS::ApiGateway::Stage,
    },
    playerachievementsplayerachievementsapiendpointplayerachievementsapiendpointcustomdomain15A5A4F4: {
      Properties: {
        DomainName: {
          Fn::Join: [
            ,
            [
              player-achievements.,
              {
                Ref: playerachievementsplayerachievementsapiendpointplayerachievementsapiendpointssmdomainnameParameterAD05C756,
              },
            ],
          ],
        },
        EndpointConfiguration: {
          Types: [
            REGIONAL,
          ],
        },
        RegionalCertificateArn: {
          Ref: playerachievementsplayerachievementsapiendpointplayerachievementsapiendpointorgformationcertswildcardcert1arnParameter02E2163D,
        },
        SecurityPolicy: TLS_1_2,
      },
      Type: AWS::ApiGateway::DomainName,
    },
    playerachievementsplayerachievementsapiendpointplayerachievementsapiendpointcustomdomainMapMyTestStackplayerachievementsplayerachievementsapiendpointplayerachievementsapiendpointrestapiCAF59E3E6BA80219: {
      Properties: {
        DomainName: {
          Ref: playerachievementsplayerachievementsapiendpointplayerachievementsapiendpointcustomdomain15A5A4F4,
        },
        RestApiId: {
          Ref: playerachievementsplayerachievementsapiendpointplayerachievementsapiendpointrestapiC109C163,
        },
        Stage: {
          Ref: playerachievementsplayerachievementsapiendpointplayerachievementsapiendpointrestapiDeploymentStageprodA63E470C,
        },
      },
      Type: AWS::ApiGateway::BasePathMapping,
    },
    playerachievementsplayerachievementsapiendpointplayerachievementsapiendpointdeployment_UNIQUE_HASH: {
      DependsOn: [
        playerachievementsplayerachievementsapiendpointplayerachievementsapiendpointrestapiproxyANY70438C67,
        playerachievementsplayerachievementsapiendpointplayerachievementsapiendpointrestapiANY64F5A119,
      ],
      Properties: {
        RestApiId: {
          Ref: playerachievementsplayerachievementsapiendpointplayerachievementsapiendpointrestapiC109C163,
        },
      },
      Type: AWS::ApiGateway::Deployment,
    },
    playerachievementsplayerachievementsapiendpointplayerachievementsapiendpointplayerachievementssvcdomainname8A5B826C: {
      Properties: {
        Description: player-achievements service domain name,
        Name: PLAYER_ACHIEVEMENTS_SVC_DOMAIN_NAME,
        Type: String,
        Value: {
          Ref: playerachievementsplayerachievementsapiendpointplayerachievementsapiendpointcustomdomain15A5A4F4,
        },
      },
      Type: AWS::SSM::Parameter,
    },
    playerachievementsplayerachievementsapiendpointplayerachievementsapiendpointrestapiANY64F5A119: {
      Properties: {
        AuthorizationType: NONE,
        HttpMethod: ANY,
        Integration: {
          IntegrationHttpMethod: POST,
          Type: AWS_PROXY,
          Uri: {
            Fn::Join: [
              ,
              [
                arn:,
                {
                  Ref: AWS::Partition,
                },
                :apigateway:,
                {
                  Ref: AWS::Region,
                },
                :lambda:path/2015-03-31/functions/,
                {
                  Fn::GetAtt: [
                    playerachievementsnestjsNodeJsLambda93CD6371,
                    Arn,
                  ],
                },
                /invocations,
              ],
            ],
          },
        },
        ResourceId: {
          Fn::GetAtt: [
            playerachievementsplayerachievementsapiendpointplayerachievementsapiendpointrestapiC109C163,
            RootResourceId,
          ],
        },
        RestApiId: {
          Ref: playerachievementsplayerachievementsapiendpointplayerachievementsapiendpointrestapiC109C163,
        },
      },
      Type: AWS::ApiGateway::Method,
    },
    playerachievementsplayerachievementsapiendpointplayerachievementsapiendpointrestapiANYApiPermissionMyTestStackplayerachievementsplayerachievementsapiendpointplayerachievementsapiendpointrestapiCAF59E3EANY68CCED35: {
      Properties: {
        Action: lambda:InvokeFunction,
        FunctionName: {
          Fn::GetAtt: [
            playerachievementsnestjsNodeJsLambda93CD6371,
            Arn,
          ],
        },
        Principal: apigateway.amazonaws.com,
        SourceArn: {
          Fn::Join: [
            ,
            [
              arn:,
              {
                Ref: AWS::Partition,
              },
              :execute-api:,
              {
                Ref: AWS::Region,
              },
              :,
              {
                Ref: AWS::AccountId,
              },
              :,
              {
                Ref: playerachievementsplayerachievementsapiendpointplayerachievementsapiendpointrestapiC109C163,
              },
              /,
              {
                Ref: playerachievementsplayerachievementsapiendpointplayerachievementsapiendpointrestapiDeploymentStageprodA63E470C,
              },
              /*/,
            ],
          ],
        },
      },
      Type: AWS::Lambda::Permission,
    },
    playerachievementsplayerachievementsapiendpointplayerachievementsapiendpointrestapiANYApiPermissionTestMyTestStackplayerachievementsplayerachievementsapiendpointplayerachievementsapiendpointrestapiCAF59E3EANY5F7834CE: {
      Properties: {
        Action: lambda:InvokeFunction,
        FunctionName: {
          Fn::GetAtt: [
            playerachievementsnestjsNodeJsLambda93CD6371,
            Arn,
          ],
        },
        Principal: apigateway.amazonaws.com,
        SourceArn: {
          Fn::Join: [
            ,
            [
              arn:,
              {
                Ref: AWS::Partition,
              },
              :execute-api:,
              {
                Ref: AWS::Region,
              },
              :,
              {
                Ref: AWS::AccountId,
              },
              :,
              {
                Ref: playerachievementsplayerachievementsapiendpointplayerachievementsapiendpointrestapiC109C163,
              },
              /test-invoke-stage/*/,
            ],
          ],
        },
      },
      Type: AWS::Lambda::Permission,
    },
    playerachievementsplayerachievementsapiendpointplayerachievementsapiendpointrestapiAccountCDCA5E54: {
      DeletionPolicy: Retain,
      DependsOn: [
        playerachievementsplayerachievementsapiendpointplayerachievementsapiendpointrestapiC109C163,
      ],
      Properties: {
        CloudWatchRoleArn: {
          Fn::GetAtt: [
            playerachievementsplayerachievementsapiendpointplayerachievementsapiendpointrestapiCloudWatchRoleC899EE27,
            Arn,
          ],
        },
      },
      Type: AWS::ApiGateway::Account,
      UpdateReplacePolicy: Retain,
    },
    playerachievementsplayerachievementsapiendpointplayerachievementsapiendpointrestapiC109C163: {
      Properties: {
        Description: player-achievements Service API Gateway,
        Name: player-achievements RestAPI,
      },
      Type: AWS::ApiGateway::RestApi,
    },
    playerachievementsplayerachievementsapiendpointplayerachievementsapiendpointrestapiCloudWatchRoleC899EE27: {
      DeletionPolicy: Retain,
      Properties: {
        AssumeRolePolicyDocument: {
          Statement: [
            {
              Action: sts:AssumeRole,
              Effect: Allow,
              Principal: {
                Service: apigateway.amazonaws.com,
              },
            },
          ],
          Version: 2012-10-17,
        },
        ManagedPolicyArns: [
          {
            Fn::Join: [
              ,
              [
                arn:,
                {
                  Ref: AWS::Partition,
                },
                :iam::aws:policy/service-role/AmazonAPIGatewayPushToCloudWatchLogs,
              ],
            ],
          },
        ],
      },
      Type: AWS::IAM::Role,
      UpdateReplacePolicy: Retain,
    },
    playerachievementsplayerachievementsapiendpointplayerachievementsapiendpointrestapiDeploymentA201789F5ccdf24f2ac3a28cfe467c6bd2d9933a: {
      DependsOn: [
        playerachievementsplayerachievementsapiendpointplayerachievementsapiendpointrestapiproxyANY70438C67,
        playerachievementsplayerachievementsapiendpointplayerachievementsapiendpointrestapiproxyF336E3E4,
        playerachievementsplayerachievementsapiendpointplayerachievementsapiendpointrestapiANY64F5A119,
      ],
      Properties: {
        Description: player-achievements Service API Gateway,
        RestApiId: {
          Ref: playerachievementsplayerachievementsapiendpointplayerachievementsapiendpointrestapiC109C163,
        },
      },
      Type: AWS::ApiGateway::Deployment,
    },
    playerachievementsplayerachievementsapiendpointplayerachievementsapiendpointrestapiDeploymentStageprodA63E470C: {
      DependsOn: [
        playerachievementsplayerachievementsapiendpointplayerachievementsapiendpointrestapiAccountCDCA5E54,
      ],
      Properties: {
        DeploymentId: {
          Ref: playerachievementsplayerachievementsapiendpointplayerachievementsapiendpointrestapiDeploymentA201789F5ccdf24f2ac3a28cfe467c6bd2d9933a,
        },
        MethodSettings: [
          {
            DataTraceEnabled: false,
            HttpMethod: *,
            ResourcePath: /*,
            ThrottlingBurstLimit: 10,
            ThrottlingRateLimit: 10,
          },
        ],
        RestApiId: {
          Ref: playerachievementsplayerachievementsapiendpointplayerachievementsapiendpointrestapiC109C163,
        },
        StageName: prod,
      },
      Type: AWS::ApiGateway::Stage,
    },
    playerachievementsplayerachievementsapiendpointplayerachievementsapiendpointrestapiproxyANY70438C67: {
      Properties: {
        AuthorizationType: NONE,
        HttpMethod: ANY,
        Integration: {
          IntegrationHttpMethod: POST,
          Type: AWS_PROXY,
          Uri: {
            Fn::Join: [
              ,
              [
                arn:,
                {
                  Ref: AWS::Partition,
                },
                :apigateway:,
                {
                  Ref: AWS::Region,
                },
                :lambda:path/2015-03-31/functions/,
                {
                  Fn::GetAtt: [
                    playerachievementsnestjsNodeJsLambda93CD6371,
                    Arn,
                  ],
                },
                /invocations,
              ],
            ],
          },
        },
        ResourceId: {
          Ref: playerachievementsplayerachievementsapiendpointplayerachievementsapiendpointrestapiproxyF336E3E4,
        },
        RestApiId: {
          Ref: playerachievementsplayerachievementsapiendpointplayerachievementsapiendpointrestapiC109C163,
        },
      },
      Type: AWS::ApiGateway::Method,
    },
    playerachievementsplayerachievementsapiendpointplayerachievementsapiendpointrestapiproxyANYApiPermissionMyTestStackplayerachievementsplayerachievementsapiendpointplayerachievementsapiendpointrestapiCAF59E3EANYproxy407A19A5: {
      Properties: {
        Action: lambda:InvokeFunction,
        FunctionName: {
          Fn::GetAtt: [
            playerachievementsnestjsNodeJsLambda93CD6371,
            Arn,
          ],
        },
        Principal: apigateway.amazonaws.com,
        SourceArn: {
          Fn::Join: [
            ,
            [
              arn:,
              {
                Ref: AWS::Partition,
              },
              :execute-api:,
              {
                Ref: AWS::Region,
              },
              :,
              {
                Ref: AWS::AccountId,
              },
              :,
              {
                Ref: playerachievementsplayerachievementsapiendpointplayerachievementsapiendpointrestapiC109C163,
              },
              /,
              {
                Ref: playerachievementsplayerachievementsapiendpointplayerachievementsapiendpointrestapiDeploymentStageprodA63E470C,
              },
              /*/*,
            ],
          ],
        },
      },
      Type: AWS::Lambda::Permission,
    },
    playerachievementsplayerachievementsapiendpointplayerachievementsapiendpointrestapiproxyANYApiPermissionTestMyTestStackplayerachievementsplayerachievementsapiendpointplayerachievementsapiendpointrestapiCAF59E3EANYproxy67391F09: {
      Properties: {
        Action: lambda:InvokeFunction,
        FunctionName: {
          Fn::GetAtt: [
            playerachievementsnestjsNodeJsLambda93CD6371,
            Arn,
          ],
        },
        Principal: apigateway.amazonaws.com,
        SourceArn: {
          Fn::Join: [
            ,
            [
              arn:,
              {
                Ref: AWS::Partition,
              },
              :execute-api:,
              {
                Ref: AWS::Region,
              },
              :,
              {
                Ref: AWS::AccountId,
              },
              :,
              {
                Ref: playerachievementsplayerachievementsapiendpointplayerachievementsapiendpointrestapiC109C163,
              },
              /test-invoke-stage/*/*,
            ],
          ],
        },
      },
      Type: AWS::Lambda::Permission,
    },
    playerachievementsplayerachievementsapiendpointplayerachievementsapiendpointrestapiproxyF336E3E4: {
      Properties: {
        ParentId: {
          Fn::GetAtt: [
            playerachievementsplayerachievementsapiendpointplayerachievementsapiendpointrestapiC109C163,
            RootResourceId,
          ],
        },
        PathPart: {proxy+},
        RestApiId: {
          Ref: playerachievementsplayerachievementsapiendpointplayerachievementsapiendpointrestapiC109C163,
        },
      },
      Type: AWS::ApiGateway::Resource,
    },
  },
  Rules: {
    CheckBootstrapVersion: {
      Assertions: [
        {
          Assert: {
            Fn::Not: [
              {
                Fn::Contains: [
                  [
                    1,
                    2,
                    3,
                    4,
                    5,
                  ],
                  {
                    Ref: BootstrapVersion,
                  },
                ],
              },
            ],
          },
          AssertDescription: CDK bootstrap stack version 6 required. Please run 'cdk bootstrap' with a recent version of the CDK CLI.,
        },
      ],
    },
  },
}
`;
